c:\users\bobta\source\ai_shell\ai_shell\x64\debug\vc145.pdb
c:\users\bobta\source\ai_shell\ai_shell\x64\debug\vmm.obj
c:\users\bobta\source\ai_shell\ai_shell\x64\debug\summarize_file_html.obj
c:\users\bobta\source\ai_shell\ai_shell\x64\debug\http_server.obj
c:\users\bobta\source\ai_shell\ai_shell\x64\debug\websearch.obj
c:\users\bobta\source\ai_shell\ai_shell\x64\debug\summarize_file.obj
c:\users\bobta\source\ai_shell\ai_shell\x64\debug\exa_search.obj
c:\users\bobta\source\ai_shell\ai_shell\x64\debug\exa_fetch.obj
c:\users\bobta\source\ai_shell\ai_shell\x64\debug\ddg.obj
c:\users\bobta\source\ai_shell\ai_shell\x64\debug\cjson.obj
c:\users\bobta\source\ai_shell\ai_shell\x64\debug\chromium.obj
c:\users\bobta\source\ai_shell\ai_shell\x64\debug\browser_dispatcher.obj
c:\users\bobta\source\ai_shell\ai_shell\x64\debug\brave.obj
c:\users\bobta\source\ai_shell\ai_shell\x64\debug\engine.obj
c:\users\bobta\source\ai_shell\ai_shell\x64\debug\ai_shell.obj
c:\users\bobta\source\ai_shell\ai_shell\x64\debug\gguf_loader.obj
c:\users\bobta\source\ai_shell\ai_shell\x64\debug\memory.obj
c:\users\bobta\source\ai_shell\ai_shell\x64\debug\plugin.obj
c:\users\bobta\source\ai_shell\x64\debug\ai_shell.exe
c:\users\bobta\source\ai_shell\x64\debug\ai_shell.pdb
c:\users\bobta\source\ai_shell\x64\debug\ai_shell.lib
c:\users\bobta\source\ai_shell\x64\debug\ai_shell.exp
c:\users\bobta\source\ai_shell\ai_shell\x64\debug\ai_shell.ilk
c:\users\bobta\source\ai_shell\ai_shell\x64\debug\ai_shell.tlog\cl.command.1.tlog
c:\users\bobta\source\ai_shell\ai_shell\x64\debug\ai_shell.tlog\cl.items.tlog
c:\users\bobta\source\ai_shell\ai_shell\x64\debug\ai_shell.tlog\cl.read.1.tlog
c:\users\bobta\source\ai_shell\ai_shell\x64\debug\ai_shell.tlog\cl.write.1.tlog
c:\users\bobta\source\ai_shell\ai_shell\x64\debug\ai_shell.tlog\link.command.1.tlog
c:\users\bobta\source\ai_shell\ai_shell\x64\debug\ai_shell.tlog\link.read.1.tlog
c:\users\bobta\source\ai_shell\ai_shell\x64\debug\ai_shell.tlog\link.secondary.1.tlog
c:\users\bobta\source\ai_shell\ai_shell\x64\debug\ai_shell.tlog\link.write.1.tlog
